// Vitest Snapshot v1, https://vitest.dev/guide/snapshot.html

exports[`analyzeProject (integration) > produces a complete analysis with DOT output (snapshot) 1`] = `
"digraph "G" {
  rankdir = "LR";
  fontname = "Helvetica";
  node [
    fontname = "Helvetica";
    fontsize = 10;
  ];
  subgraph "cluster_core_module" {
    label = "core_module";
    style = "dashed";
    "core_module.tasks.run_todo_sync.task_RunTodoSync" [
      label = "task_RunTodoSync";
      color = "#FFB347";
      fillcolor = "#FFB347";
      shape = "hexagon";
      style = "filled";
      fontcolor = "#FFFFFF";
    ];
    subgraph "cluster_core_module_AddTaskToList" {
      label = "AddTaskToList";
      style = "rounded";
      "core_module.actions.add_task_to_list.AddTaskToList.execute" [
        label = "execute";
        color = "#50C878";
        fillcolor = "#50C878";
        shape = "ellipse";
        style = "filled";
        fontcolor = "#FFFFFF";
      ];
      "core_module.actions.add_task_to_list.AddTaskToList._internal_preconditions_check" [
        label = "_internal_preconditions_check";
        color = "#50C878";
        fillcolor = "#50C878";
        shape = "ellipse";
        style = "filled";
        fontcolor = "#FFFFFF";
      ];
    }
    subgraph "cluster_core_module_GetTasksList" {
      label = "GetTasksList";
      style = "rounded";
      "core_module.actions.get_tasks_list.GetTasksList" [
        label = "GetTasksList";
        color = "#50C878";
        fillcolor = "#50C878";
        shape = "ellipse";
        style = "filled";
        fontcolor = "#FFFFFF";
      ];
      "core_module.actions.get_tasks_list.GetTasksList.execute" [
        label = "execute";
        color = "#50C878";
        fillcolor = "#50C878";
        shape = "ellipse";
        style = "filled";
        fontcolor = "#FFFFFF";
      ];
    }
  }
  subgraph "cluster_export_module" {
    label = "export_module";
    style = "dashed";
    "export_module.tasks.run_exports.task_ExportAllTasks" [
      label = "task_ExportAllTasks";
      color = "#FFB347";
      fillcolor = "#FFB347";
      shape = "hexagon";
      style = "filled";
      fontcolor = "#FFFFFF";
    ];
    subgraph "cluster_export_module_PerformExport" {
      label = "PerformExport";
      style = "rounded";
      "export_module.actions.perform_export.PerformExport.execute" [
        label = "execute";
        color = "#50C878";
        fillcolor = "#50C878";
        shape = "ellipse";
        style = "filled";
        fontcolor = "#FFFFFF";
      ];
    }
  }
  "core_module.actions.add_task_to_list.AddTaskToList.execute" -> "core_module.actions.get_tasks_list.GetTasksList.execute";
  "core_module.actions.add_task_to_list.AddTaskToList.execute" -> "core_module.actions.get_tasks_list.GetTasksList";
  "core_module.actions.add_task_to_list.AddTaskToList._internal_preconditions_check" -> "core_module.actions.get_tasks_list.GetTasksList.execute";
  "core_module.actions.add_task_to_list.AddTaskToList._internal_preconditions_check" -> "core_module.actions.get_tasks_list.GetTasksList";
  "export_module.actions.perform_export.PerformExport.execute" -> "core_module.actions.get_tasks_list.GetTasksList.execute";
  "export_module.actions.perform_export.PerformExport.execute" -> "core_module.actions.get_tasks_list.GetTasksList";
  "export_module.actions.perform_export.PerformExport.execute" -> "core_module.tasks.run_todo_sync.task_RunTodoSync";
  "export_module.actions.perform_export.PerformExport.execute" -> "export_module.tasks.run_exports.task_ExportAllTasks";
}"
`;
