// Vitest Snapshot v1, https://vitest.dev/guide/snapshot.html

exports[`element-factory snapshots > Python test project > produces expected elements 1`] = `
[
  {
    "className": "AddTaskToList",
    "decorators": [],
    "module": "core_module.actions.add_task_to_list",
    "name": "AddTaskToList",
    "parentClasses": [
      "utils.base_action.BaseBusinessAction",
    ],
    "reference": "core_module.actions.add_task_to_list.AddTaskToList",
    "sourceFile": "core_module/actions/add_task_to_list.py",
  },
  {
    "className": "AddTaskToList",
    "decorators": [],
    "module": "core_module.actions.add_task_to_list",
    "name": "_internal_empty",
    "parentClasses": [
      "utils.base_action.BaseBusinessAction",
    ],
    "reference": "core_module.actions.add_task_to_list.AddTaskToList._internal_empty",
    "sourceFile": "core_module/actions/add_task_to_list.py",
  },
  {
    "className": "AddTaskToList",
    "decorators": [],
    "module": "core_module.actions.add_task_to_list",
    "name": "_internal_preconditions_check",
    "parentClasses": [
      "utils.base_action.BaseBusinessAction",
    ],
    "reference": "core_module.actions.add_task_to_list.AddTaskToList._internal_preconditions_check",
    "sourceFile": "core_module/actions/add_task_to_list.py",
  },
  {
    "className": "AddTaskToList",
    "decorators": [],
    "module": "core_module.actions.add_task_to_list",
    "name": "execute",
    "parentClasses": [
      "utils.base_action.BaseBusinessAction",
    ],
    "reference": "core_module.actions.add_task_to_list.AddTaskToList.execute",
    "sourceFile": "core_module/actions/add_task_to_list.py",
  },
  {
    "className": "GetTasksList",
    "decorators": [],
    "module": "core_module.actions.get_tasks_list",
    "name": "GetTasksList",
    "parentClasses": [
      "utils.base_action.BaseBusinessAction",
    ],
    "reference": "core_module.actions.get_tasks_list.GetTasksList",
    "sourceFile": "core_module/actions/get_tasks_list.py",
  },
  {
    "className": "GetTasksList",
    "decorators": [],
    "module": "core_module.actions.get_tasks_list",
    "name": "execute",
    "parentClasses": [
      "utils.base_action.BaseBusinessAction",
    ],
    "reference": "core_module.actions.get_tasks_list.GetTasksList.execute",
    "sourceFile": "core_module/actions/get_tasks_list.py",
  },
  {
    "className": null,
    "decorators": [
      "celery.shared_task",
    ],
    "module": "core_module.tasks.run_todo_sync",
    "name": "task_RunTodoSync",
    "parentClasses": [],
    "reference": "core_module.tasks.run_todo_sync.task_RunTodoSync",
    "sourceFile": "core_module/tasks/run_todo_sync.py",
  },
  {
    "className": "CoreViewSet",
    "decorators": [],
    "module": "core_module.views.core",
    "name": "CoreViewSet",
    "parentClasses": [
      "rest_framework.viewsets.ModelViewSet",
    ],
    "reference": "core_module.views.core.CoreViewSet",
    "sourceFile": "core_module/views/core.py",
  },
  {
    "className": "CoreViewSet",
    "decorators": [],
    "module": "core_module.views.core",
    "name": "create",
    "parentClasses": [
      "rest_framework.viewsets.ModelViewSet",
    ],
    "reference": "core_module.views.core.CoreViewSet.create",
    "sourceFile": "core_module/views/core.py",
  },
  {
    "className": "ReportsViewSet",
    "decorators": [],
    "module": "core_module.views.reports",
    "name": "ReportsViewSet",
    "parentClasses": [
      "rest_framework.viewsets.ModelViewSet",
    ],
    "reference": "core_module.views.reports.ReportsViewSet",
    "sourceFile": "core_module/views/reports.py",
  },
  {
    "className": "ReportsViewSet",
    "decorators": [],
    "module": "core_module.views.reports",
    "name": "create",
    "parentClasses": [
      "rest_framework.viewsets.ModelViewSet",
    ],
    "reference": "core_module.views.reports.ReportsViewSet.create",
    "sourceFile": "core_module/views/reports.py",
  },
  {
    "className": "ReportsViewSet",
    "decorators": [],
    "module": "core_module.views.reports",
    "name": "export",
    "parentClasses": [
      "rest_framework.viewsets.ModelViewSet",
    ],
    "reference": "core_module.views.reports.ReportsViewSet.export",
    "sourceFile": "core_module/views/reports.py",
  },
  {
    "className": "ReportsViewSet",
    "decorators": [],
    "module": "core_module.views.reports",
    "name": "total_amount",
    "parentClasses": [
      "rest_framework.viewsets.ModelViewSet",
    ],
    "reference": "core_module.views.reports.ReportsViewSet.total_amount",
    "sourceFile": "core_module/views/reports.py",
  },
  {
    "className": "PerformExport",
    "decorators": [],
    "module": "export_module.actions.perform_export",
    "name": "PerformExport",
    "parentClasses": [
      "utils.base_action.BaseBusinessAction",
    ],
    "reference": "export_module.actions.perform_export.PerformExport",
    "sourceFile": "export_module/actions/perform_export.py",
  },
  {
    "className": "PerformExport",
    "decorators": [],
    "module": "export_module.actions.perform_export",
    "name": "execute",
    "parentClasses": [
      "utils.base_action.BaseBusinessAction",
    ],
    "reference": "export_module.actions.perform_export.PerformExport.execute",
    "sourceFile": "export_module/actions/perform_export.py",
  },
  {
    "className": "Meta",
    "decorators": [],
    "module": "export_module.serializers.task_serializer",
    "name": "Meta",
    "parentClasses": [],
    "reference": "export_module.serializers.task_serializer.Meta",
    "sourceFile": "export_module/serializers/task_serializer.py",
  },
  {
    "className": "TaskSerializer",
    "decorators": [],
    "module": "export_module.serializers.task_serializer",
    "name": "TaskSerializer",
    "parentClasses": [
      "rest_framework.serializers.ModelSerializer",
    ],
    "reference": "export_module.serializers.task_serializer.TaskSerializer",
    "sourceFile": "export_module/serializers/task_serializer.py",
  },
  {
    "className": "TaskSerializer",
    "decorators": [],
    "module": "export_module.serializers.task_serializer",
    "name": "get_custom_field",
    "parentClasses": [
      "rest_framework.serializers.ModelSerializer",
    ],
    "reference": "export_module.serializers.task_serializer.TaskSerializer.get_custom_field",
    "sourceFile": "export_module/serializers/task_serializer.py",
  },
  {
    "className": null,
    "decorators": [
      "celery.shared_task",
    ],
    "module": "export_module.tasks.run_exports",
    "name": "task_ExportAllTasks",
    "parentClasses": [],
    "reference": "export_module.tasks.run_exports.task_ExportAllTasks",
    "sourceFile": "export_module/tasks/run_exports.py",
  },
  {
    "className": "TodoTaskViewSet",
    "decorators": [],
    "module": "export_module.views.todotask",
    "name": "TodoTaskViewSet",
    "parentClasses": [
      "rest_framework.viewsets.ModelViewSet",
    ],
    "reference": "export_module.views.todotask.TodoTaskViewSet",
    "sourceFile": "export_module/views/todotask.py",
  },
  {
    "className": "TodoTaskViewSet",
    "decorators": [],
    "module": "export_module.views.todotask",
    "name": "export",
    "parentClasses": [
      "rest_framework.viewsets.ModelViewSet",
    ],
    "reference": "export_module.views.todotask.TodoTaskViewSet.export",
    "sourceFile": "export_module/views/todotask.py",
  },
  {
    "className": "TodoTaskViewSet",
    "decorators": [],
    "module": "export_module.views.todotask",
    "name": "list",
    "parentClasses": [
      "rest_framework.viewsets.ModelViewSet",
    ],
    "reference": "export_module.views.todotask.TodoTaskViewSet.list",
    "sourceFile": "export_module/views/todotask.py",
  },
  {
    "className": "BaseBusinessAction",
    "decorators": [],
    "module": "utils.base_action",
    "name": "BaseBusinessAction",
    "parentClasses": [],
    "reference": "utils.base_action.BaseBusinessAction",
    "sourceFile": "utils/base_action.py",
  },
]
`;

exports[`element-factory snapshots > TypeScript test project > produces expected elements 1`] = `
[
  {
    "className": "AddTaskToList",
    "decorators": [],
    "module": "core_module.actions.add_task_to_list",
    "name": "AddTaskToList",
    "parentClasses": [
      "utils.base_action.BaseBusinessAction",
    ],
    "reference": "core_module.actions.add_task_to_list.AddTaskToList",
    "sourceFile": "core_module/actions/add_task_to_list.ts",
  },
  {
    "className": "AddTaskToList",
    "decorators": [],
    "module": "core_module.actions.add_task_to_list",
    "name": "constructor",
    "parentClasses": [
      "utils.base_action.BaseBusinessAction",
    ],
    "reference": "core_module.actions.add_task_to_list.AddTaskToList.constructor",
    "sourceFile": "core_module/actions/add_task_to_list.ts",
  },
  {
    "className": "AddTaskToList",
    "decorators": [],
    "module": "core_module.actions.add_task_to_list",
    "name": "execute",
    "parentClasses": [
      "utils.base_action.BaseBusinessAction",
    ],
    "reference": "core_module.actions.add_task_to_list.AddTaskToList.execute",
    "sourceFile": "core_module/actions/add_task_to_list.ts",
  },
  {
    "className": "GetTasksList",
    "decorators": [],
    "module": "core_module.actions.get_tasks_list",
    "name": "GetTasksList",
    "parentClasses": [
      "utils.base_action.BaseBusinessAction",
    ],
    "reference": "core_module.actions.get_tasks_list.GetTasksList",
    "sourceFile": "core_module/actions/get_tasks_list.ts",
  },
  {
    "className": "GetTasksList",
    "decorators": [],
    "module": "core_module.actions.get_tasks_list",
    "name": "constructor",
    "parentClasses": [
      "utils.base_action.BaseBusinessAction",
    ],
    "reference": "core_module.actions.get_tasks_list.GetTasksList.constructor",
    "sourceFile": "core_module/actions/get_tasks_list.ts",
  },
  {
    "className": "GetTasksList",
    "decorators": [],
    "module": "core_module.actions.get_tasks_list",
    "name": "execute",
    "parentClasses": [
      "utils.base_action.BaseBusinessAction",
    ],
    "reference": "core_module.actions.get_tasks_list.GetTasksList.execute",
    "sourceFile": "core_module/actions/get_tasks_list.ts",
  },
  {
    "className": null,
    "decorators": [],
    "module": "core_module.domain.task",
    "name": "makeTaskId",
    "parentClasses": [],
    "reference": "core_module.domain.task.makeTaskId",
    "sourceFile": "core_module/domain/task.ts",
  },
  {
    "className": "InMemoryTasksRepo",
    "decorators": [],
    "module": "core_module.repo.in_memory_tasks_repo",
    "name": "InMemoryTasksRepo",
    "parentClasses": [],
    "reference": "core_module.repo.in_memory_tasks_repo.InMemoryTasksRepo",
    "sourceFile": "core_module/repo/in_memory_tasks_repo.ts",
  },
  {
    "className": "InMemoryTasksRepo",
    "decorators": [],
    "module": "core_module.repo.in_memory_tasks_repo",
    "name": "add",
    "parentClasses": [],
    "reference": "core_module.repo.in_memory_tasks_repo.InMemoryTasksRepo.add",
    "sourceFile": "core_module/repo/in_memory_tasks_repo.ts",
  },
  {
    "className": "InMemoryTasksRepo",
    "decorators": [],
    "module": "core_module.repo.in_memory_tasks_repo",
    "name": "list",
    "parentClasses": [],
    "reference": "core_module.repo.in_memory_tasks_repo.InMemoryTasksRepo.list",
    "sourceFile": "core_module/repo/in_memory_tasks_repo.ts",
  },
  {
    "className": "InMemoryTasksRepo",
    "decorators": [],
    "module": "core_module.repo.in_memory_tasks_repo",
    "name": "markDone",
    "parentClasses": [],
    "reference": "core_module.repo.in_memory_tasks_repo.InMemoryTasksRepo.markDone",
    "sourceFile": "core_module/repo/in_memory_tasks_repo.ts",
  },
  {
    "className": null,
    "decorators": [],
    "module": "core_module.tasks.run_todo_sync",
    "name": "task_RunTodoSync",
    "parentClasses": [],
    "reference": "core_module.tasks.run_todo_sync.task_RunTodoSync",
    "sourceFile": "core_module/tasks/run_todo_sync.ts",
  },
  {
    "className": "PerformExport",
    "decorators": [],
    "module": "export_module.actions.perform_export",
    "name": "PerformExport",
    "parentClasses": [
      "utils.base_action.BaseBusinessAction",
    ],
    "reference": "export_module.actions.perform_export.PerformExport",
    "sourceFile": "export_module/actions/perform_export.ts",
  },
  {
    "className": "PerformExport",
    "decorators": [],
    "module": "export_module.actions.perform_export",
    "name": "execute",
    "parentClasses": [
      "utils.base_action.BaseBusinessAction",
    ],
    "reference": "export_module.actions.perform_export.PerformExport.execute",
    "sourceFile": "export_module/actions/perform_export.ts",
  },
  {
    "className": null,
    "decorators": [],
    "module": "export_module.serializers.task_serializer",
    "name": "serializeTask",
    "parentClasses": [],
    "reference": "export_module.serializers.task_serializer.serializeTask",
    "sourceFile": "export_module/serializers/task_serializer.ts",
  },
  {
    "className": null,
    "decorators": [],
    "module": "export_module.serializers.task_serializer",
    "name": "serializeTasks",
    "parentClasses": [],
    "reference": "export_module.serializers.task_serializer.serializeTasks",
    "sourceFile": "export_module/serializers/task_serializer.ts",
  },
  {
    "className": null,
    "decorators": [],
    "module": "export_module.tasks.queue",
    "name": "enqueueExportAllTasks",
    "parentClasses": [],
    "reference": "export_module.tasks.queue.enqueueExportAllTasks",
    "sourceFile": "export_module/tasks/queue.ts",
  },
  {
    "className": null,
    "decorators": [],
    "module": "export_module.tasks.queue",
    "name": "startExportsWorker",
    "parentClasses": [],
    "reference": "export_module.tasks.queue.startExportsWorker",
    "sourceFile": "export_module/tasks/queue.ts",
  },
  {
    "className": null,
    "decorators": [],
    "module": "export_module.tasks.run_exports",
    "name": "task_ExportAllTasks_si",
    "parentClasses": [],
    "reference": "export_module.tasks.run_exports.task_ExportAllTasks_si",
    "sourceFile": "export_module/tasks/run_exports.ts",
  },
  {
    "className": null,
    "decorators": [],
    "module": "infra.tx.on_commit",
    "name": "withTransaction",
    "parentClasses": [],
    "reference": "infra.tx.on_commit.withTransaction",
    "sourceFile": "infra/tx/on_commit.ts",
  },
  {
    "className": "BaseBusinessAction",
    "decorators": [],
    "module": "utils.base_action",
    "name": "BaseBusinessAction",
    "parentClasses": [],
    "reference": "utils.base_action.BaseBusinessAction",
    "sourceFile": "utils/base_action.ts",
  },
]
`;
